cargo : warning: profiles for the non root package will be ignored, specify profiles at the 
workspace root:
Au caractère Ligne:1 : 1
+ cargo test -p cpclib-asm --lib -- --test-threads=1 2>&1 > test_output ...
+ ~~~~~~~~~~~~~~~~~~~~~~~~~~~~~~~~~~~~~~~~~~~~~~~~~~~~~~~~~~~~~~~~~~~~~
    + CategoryInfo          : NotSpecified: (warning: profil...workspace root::String) [], R 
   emoteException
    + FullyQualifiedErrorId : NativeCommandError
 
package:   C:\Users\giotr\Perso\CPC\rust.cpcdemotools\cpclib-basm\Cargo.toml
workspace: C:\Users\giotr\Perso\CPC\rust.cpcdemotools\Cargo.toml
warning: profiles for the non root package will be ignored, specify profiles at the 
workspace root:
package:   C:\Users\giotr\Perso\CPC\rust.cpcdemotools\cpclib-bndbuild\Cargo.toml
workspace: C:\Users\giotr\Perso\CPC\rust.cpcdemotools\Cargo.toml
warning: profiles for the non root package will be ignored, specify profiles at the 
workspace root:
package:   
C:\Users\giotr\Perso\CPC\rust.cpcdemotools\cpclib-bndbuild-tauri\src-tauri\Cargo.toml
workspace: C:\Users\giotr\Perso\CPC\rust.cpcdemotools\Cargo.toml
warning: field `ckid` is never read
   --> cpclib-common\src\riff.rs:132:5
    |
130 | pub struct RiffContainer {
    |            ------------- field in this struct
131 |     /// RIFF or LIST only
132 |     ckid: RiffCode
    |     ^^^^
    |
    = note: `#[warn(dead_code)]` (part of `#[warn(unused)]`) on by default

warning: `cpclib-common` (lib) generated 1 warning
warning: associated constants `BRK_TYPE_MEM` and `BRK_TYPE_PORT` are never used
   --> cpclib-sna\src\chunks\ace.rs:277:11
    |
275 | impl AceBreakPoint<'_> {
    | ---------------------- associated constants in this implementation
276 |     const BRK_TYPE_EXEC: u8 = 0;
277 |     const BRK_TYPE_MEM: u8 = 1;
    |           ^^^^^^^^^^^^
278 |     const BRK_TYPE_PORT: u8 = 2;
    |           ^^^^^^^^^^^^^
    |
    = note: `#[warn(dead_code)]` (part of `#[warn(unused)]`) on by default

warning: field `0` is never read
  --> cpclib-sna\src\chunks\wabp.rs:41:27
   |
41 | pub struct BreakpointFlag(u8);
   |            -------------- ^^
   |            |
   |            field in this struct
   |
   = help: consider removing this field
   = note: `BreakpointFlag` has a derived impl for the trait `Clone`, but this is 
intentionally ignored during dead code analysis

warning: fields `type`, `flag`, and `address_mask` are never read
   --> cpclib-sna\src\chunks\wabp.rs:200:5
    |
199 | pub struct IOBreakpoint {
    |            ------------ fields in this struct
200 |     r#type: BreakpointIoType,
    |     ^^^^^^
201 |     flag: BreakpointFlag,
    |     ^^^^
202 |     address: u16,
203 |     address_mask: u16,
    |     ^^^^^^^^^^^^

warning: method `add_bytes` is never used
   --> cpclib-sna\src\chunks\wabp.rs:342:16
    |
334 | impl WabpChunk {
    | -------------- method in this implementation
...
342 |             fn add_bytes(&mut self, data: &[u8]);
    |                ^^^^^^^^^

warning: `cpclib-sna` (lib) generated 4 warnings
warning: unreachable expression
   --> cpclib-tokens\src\tokens\expression.rs:496:9
    |
495 |           panic!("i am planning to remove this code, it should not be called");
    |           -------------------------------------------------------------------- any 
code following this expression is unreachable
496 | /         if let Expr::Value(val) = self {
497 | |             let mut new_expr = Expr::RelativeDelta(*val as i8);
498 | |             std::mem::swap(self, &mut new_expr);
499 | |         }
    | |_________^ unreachable expression
    |
    = note: `#[warn(unreachable_code)]` (part of `#[warn(unused)]`) on by default

warning: unreachable expression
    --> cpclib-tokens\src\tokens\expression.rs:1076:17
     |
1075 |                   panic!("TODO remove this forgotten panic");
     |                   ------------------------------------------ any code following this 
expression is unreachable
1076 | /                 Err(ExpressionTypeError(format!(
1077 | |                     "Try to convert {self} as an int"
1078 | |                 )))
     | |___________________^ unreachable expression

warning: unreachable expression
    --> cpclib-tokens\src\tokens\instructions.rs:1007:17
     |
1006 |                 unimplemented!();
     |                 ---------------- any code following this expression is unreachable
1007 |                 Ok(())
     |                 ^^^^^^ unreachable expression

warning: unreachable statement
    --> cpclib-tokens\src\tokens\instructions.rs:1256:9
     |
1255 |         panic!("I plan to remove this code, it sould not be called");
     |         ------------------------------------------------------------ any code 
following this expression is unreachable
1256 |         dbg!("before", &self);
     |         ^^^^^^^^^^^^^^^^^^^^^ unreachable statement
     |
     = note: this warning originates in the macro `dbg` (in Nightly builds, run with -Z 
macro-backtrace for more info)

warning: unused variable: `val`
   --> cpclib-tokens\src\tokens\expression.rs:496:28
    |
496 |         if let Expr::Value(val) = self {
    |                            ^^^ help: if this is intentional, prefix it with an 
underscore: `_val`
    |
    = note: `#[warn(unused_variables)]` (part of `#[warn(unused)]`) on by default

warning: unused variable: `new_expr`
   --> cpclib-tokens\src\tokens\expression.rs:497:17
    |
497 |             let mut new_expr = Expr::RelativeDelta(*val as i8);
    |                 ^^^^^^^^^^^^ help: if this is intentional, prefix it with an 
underscore: `_new_expr`

warning: unused variable: `expression`
    --> cpclib-tokens\src\tokens\instructions.rs:1259:17
     |
1259 |             let expression = match self {
     |                 ^^^^^^^^^^ help: if this is intentional, prefix it with an 
underscore: `_expression`

warning: unused variable: `exp`
    --> cpclib-tokens\src\tokens\instructions.rs:1260:75
     |
1260 |                 Self::OpCode(Mnemonic::Jr, _, Some(DataAccess::Expression(exp)), _) 
=> Some(exp),
     |                                                                           ^^^ help: 
if this is intentional, prefix it with an underscore: `_exp`

warning: unused variable: `exp`
    --> cpclib-tokens\src\tokens\instructions.rs:1261:74
     |
1261 |                 Self::OpCode(Mnemonic::Djnz, Some(DataAccess::Expression(exp)), ..) 
=> Some(exp),
     |                                                                          ^^^ help: if 
this is intentional, prefix it with an underscore: `_exp`

warning: unused variable: `expr`
    --> cpclib-tokens\src\tokens\instructions.rs:1267:25
     |
1267 |             if let Some(expr) = expression {
     |                         ^^^^ help: if this is intentional, prefix it with an 
underscore: `_expr`

warning: methods `len` and `is_empty` are never used
   --> cpclib-tokens\src\symbols\table.rs:103:12
    |
102 | impl FunctionsStack {
    | ------------------- methods in this implementation
103 |     pub fn len(&self) -> usize {
    |            ^^^
...
107 |     pub fn is_empty(&self) -> bool {
    |            ^^^^^^^^
    |
    = note: `#[warn(dead_code)]` (part of `#[warn(unused)]`) on by default

warning: methods `has_children`, `children`, and `children_mut` are never used
   --> cpclib-tokens\src\symbols\table.rs:160:8
    |
153 | impl ModuleSymbolTable {
    | ---------------------- methods in this implementation
...
160 |     fn has_children(&self, children: &Symbol) -> bool {
    |        ^^^^^^^^^^^^
...
164 |     fn children(&self, children: &Symbol) -> Option<&ModuleSymbolTable> {
    |        ^^^^^^^^
...
168 |     fn children_mut(&mut self, children: &Symbol) -> Option<&mut ModuleSymbolTable> {
    |        ^^^^^^^^^^^^

warning: associated items `current_module_map`, `current_module_map_mut`, `module_map`, 
`module_map_mut`, and `split_namespaces` are never used
   --> cpclib-tokens\src\symbols\table.rs:390:8
    |
387 | impl SymbolsTable {
    | ----------------- associated items in this implementation
...
390 |     fn current_module_map(&self) -> &ModuleSymbolTable {
    |        ^^^^^^^^^^^^^^^^^^
...
401 |     fn current_module_map_mut(&mut self) -> &mut ModuleSymbolTable {
    |        ^^^^^^^^^^^^^^^^^^^^^^
...
413 |     fn module_map(&self, namespace: &[Symbol]) -> &ModuleSymbolTable {
    |        ^^^^^^^^^^
...
422 |     fn module_map_mut(&mut self, namespace: &[Symbol]) -> &mut ModuleSymbolTable {
    |        ^^^^^^^^^^^^^^
...
432 |     fn split_namespaces(symbol: Symbol) -> Vec<Symbol> {
    |        ^^^^^^^^^^^^^^^^

warning: method `extend_writable_symbol` is never used
   --> cpclib-tokens\src\symbols\table.rs:722:8
    |
649 | impl SymbolsTable {
    | ----------------- method in this implementation
...
722 |     fn extend_writable_symbol<S>(&self, symbol: S) -> Result<Symbol, SymbolError>
    |        ^^^^^^^^^^^^^^^^^^^^^^

warning: method `expression_mut` is never used
   --> cpclib-tokens\src\tokens\data_access.rs:424:8
    |
423 | impl DataAccess {
    | --------------- method in this implementation
424 |     fn expression_mut(&mut self) -> Option<&mut Expr> {
    |        ^^^^^^^^^^^^^^

warning: `cpclib-tokens` (lib) generated 15 warnings (run `cargo fix --lib -p cpclib-tokens` 
to apply 6 suggestions)
warning: use of deprecated method `cc::Build::shared_flag`: cc only creates static 
libraries, setting this does nothing
  --> cpclib-crunchers\build.rs:11:10
   |
11 |         .shared_flag(true)
   |          ^^^^^^^^^^^
   |
   = note: `#[warn(deprecated)]` on by default

warning: use of deprecated method `cc::Build::shared_flag`: cc only creates static 
libraries, setting this does nothing
  --> cpclib-crunchers\build.rs:20:10
   |
20 |         .shared_flag(true)
   |          ^^^^^^^^^^^

warning: use of deprecated method `cc::Build::shared_flag`: cc only creates static 
libraries, setting this does nothing
  --> cpclib-crunchers\build.rs:29:10
   |
29 |         .shared_flag(true)
   |          ^^^^^^^^^^^

warning: use of deprecated method `cc::Build::shared_flag`: cc only creates static 
libraries, setting this does nothing
  --> cpclib-crunchers\build.rs:38:10
   |
38 |         .shared_flag(false)
   |          ^^^^^^^^^^^

warning: use of deprecated method `cc::Build::shared_flag`: cc only creates static 
libraries, setting this does nothing
  --> cpclib-crunchers\build.rs:71:10
   |
71 |         .shared_flag(true)
   |          ^^^^^^^^^^^

warning: `cpclib-crunchers` (build script) generated 5 warnings
warning: cpclib-crunchers@0.11.0: cl : Command line warning D9002 : ignoring unknown option 
'-shared'
warning: cpclib-crunchers@0.11.0: cl : Command line warning D9002 : ignoring unknown option 
'-shared'
warning: cpclib-crunchers@0.11.0: cl : Command line warning D9002 : ignoring unknown option 
'-shared'
warning: cpclib-crunchers@0.11.0: cl : Command line warning D9002 : ignoring unknown option 
'-shared'
warning: cpclib-crunchers@0.11.0: cl : Command line warning D9002 : ignoring unknown option 
'-fomit-frame-pointer'
warning: cpclib-crunchers@0.11.0: cl : Command line warning D9002 : ignoring unknown option 
'-shared'
warning: cpclib-crunchers@0.11.0: cl : Command line warning D9002 : ignoring unknown option 
'-shared'
warning: cpclib-crunchers@0.11.0: cl : Command line warning D9002 : ignoring unknown option 
'-fomit-frame-pointer'
warning: cpclib-crunchers@0.11.0: cl : Command line warning D9002 : ignoring unknown option 
'-shared'
warning: cpclib-crunchers@0.11.0: cl : Command line warning D9002 : ignoring unknown option 
'-shared'
warning: cpclib-crunchers@0.11.0: cl : Command line warning D9002 : ignoring unknown option 
'-fomit-frame-pointer'
warning: cpclib-crunchers@0.11.0: cl : Command line warning D9002 : ignoring unknown option 
'-shared'
warning: cpclib-crunchers@0.11.0: cl : Command line warning D9002 : ignoring unknown option 
'-shared'
warning: cpclib-crunchers@0.11.0: cl : Command line warning D9002 : ignoring unknown option 
'-fomit-frame-pointer'
warning: cpclib-crunchers@0.11.0: cl : Command line warning D9002 : ignoring unknown option 
'-shared'
warning: cpclib-crunchers@0.11.0: cl : Command line warning D9002 : ignoring unknown option 
'-shared'
warning: cpclib-crunchers@0.11.0: cl : Command line warning D9002 : ignoring unknown option 
'-fomit-frame-pointer'
warning: cpclib-crunchers@0.11.0: cl : Command line warning D9002 : ignoring unknown option 
'-shared'
warning: cpclib-crunchers@0.11.0: cl : Command line warning D9002 : ignoring unknown option 
'-shared'
warning: cpclib-crunchers@0.11.0: cl : Command line warning D9002 : ignoring unknown option 
'-fomit-frame-pointer'
warning: cpclib-crunchers@0.11.0: cl : Command line warning D9002 : ignoring unknown option 
'-shared'
warning: cpclib-crunchers@0.11.0: cl : Command line warning D9002 : ignoring unknown option 
'-shared'
warning: cpclib-crunchers@0.11.0: cl : Command line warning D9002 : ignoring unknown option 
'-fomit-frame-pointer'
warning: cpclib-crunchers@0.11.0: cl : Command line warning D9002 : ignoring unknown option 
'-shared'
warning: cpclib-crunchers@0.11.0: cl : Command line warning D9002 : ignoring unknown option 
'-shared'
warning: cpclib-crunchers@0.11.0: cl : Command line warning D9002 : ignoring unknown option 
'-fomit-frame-pointer'
warning: cpclib-crunchers@0.11.0: cl : Command line warning D9002 : ignoring unknown option 
'-shared'
warning: cpclib-crunchers@0.11.0: cl : Command line warning D9002 : ignoring unknown option 
'-shared'
warning: cpclib-crunchers@0.11.0: cl : Command line warning D9002 : ignoring unknown option 
'-fomit-frame-pointer'
warning: cpclib-crunchers@0.11.0: cl : Command line warning D9002 : ignoring unknown option 
'-shared'
warning: cpclib-crunchers@0.11.0: cl : Command line warning D9002 : ignoring unknown option 
'-shared'
warning: cpclib-crunchers@0.11.0: cl : Command line warning D9002 : ignoring unknown option 
'-fomit-frame-pointer'
warning: cpclib-crunchers@0.11.0: cl : Command line warning D9002 : ignoring unknown option 
'-shared'
warning: cpclib-crunchers@0.11.0: cl : Command line warning D9002 : ignoring unknown option 
'-fomit-frame-pointer'
warning: cpclib-crunchers@0.11.0: cl : Command line warning D9002 : ignoring unknown option 
'-shared'
warning: cpclib-crunchers@0.11.0: cl : Command line warning D9002 : ignoring unknown option 
'-shared'
warning: cpclib-crunchers@0.11.0: cl : Command line warning D9002 : ignoring unknown option 
'-fomit-frame-pointer'
warning: cpclib-crunchers@0.11.0: cl : Command line warning D9002 : ignoring unknown option 
'-shared'
warning: unnecessary `unsafe` block
  --> cpclib-crunchers\src\apultra.rs:27:20
   |
20 |     unsafe {
   |     ------ because it's nested under this `unsafe` block
...
27 |         let _res = unsafe { APULTRA_crunch(data, len, &mut dataout, &mut lenout) };
   |                    ^^^^^^ unnecessary `unsafe` block
   |
   = note: `#[warn(unused_unsafe)]` (part of `#[warn(unused)]`) on by default

warning: unnecessary `unsafe` block
  --> cpclib-crunchers\src\exomizer.rs:18:23
   |
12 |     unsafe {
   |     ------ because it's nested under this `unsafe` block
...
18 |         let dataout = unsafe { Exomizer_crunch(data, len, &mut lenout) };
   |                       ^^^^^^ unnecessary `unsafe` block

warning: unnecessary `unsafe` block
  --> cpclib-crunchers\src\lz4.rs:16:23
   |
10 |     unsafe {
   |     ------ because it's nested under this `unsafe` block
...
16 |         let dataout = unsafe { LZ4_embedded_crunch(data, len, &mut lenout) };
   |                       ^^^^^^ unnecessary `unsafe` block

warning: function `apultra_decompress` is never used
 --> cpclib-crunchers\src\apultra.rs:9:8
  |
9 |     fn apultra_decompress(
  |        ^^^^^^^^^^^^^^^^^^
  |
  = note: `#[warn(dead_code)]` (part of `#[warn(unused)]`) on by default

warning: `cpclib-crunchers` (lib) generated 4 warnings
warning: unexpected `cfg` condition value: `rayon`
 --> cpclib-image\src\image.rs:8:40
  |
8 | #[cfg(all(not(target_arch = "wasm32"), feature = "rayon"))]
  |                                        ^^^^^^^^^^^^^^^^^ help: remove the condition
  |
  = note: no expected values for `feature`
  = help: consider adding `rayon` as a feature in `Cargo.toml`
  = note: see <https://doc.rust-lang.org/nightly/rustc/check-cfg/cargo-specifics.html> for 
more information about checking conditional configuration
  = note: `#[warn(unexpected_cfgs)]` on by default

warning: unexpected `cfg` condition value: `rayon`
   --> cpclib-image\src\image.rs:169:44
    |
169 |     #[cfg(all(not(target_arch = "wasm32"), feature = "rayon"))]
    |                                            ^^^^^^^^^^^^^^^^^ help: remove the condition
    |
    = note: no expected values for `feature`
    = help: consider adding `rayon` as a feature in `Cargo.toml`
    = note: see <https://doc.rust-lang.org/nightly/rustc/check-cfg/cargo-specifics.html> for 
more information about checking conditional configuration

warning: unexpected `cfg` condition value: `rayon`
   --> cpclib-image\src\image.rs:171:43
    |
171 |     #[cfg(any(target_arch = "wasm32", not(feature = "rayon")))]
    |                                           ^^^^^^^^^^^^^^^^^ help: remove the condition
    |
    = note: no expected values for `feature`
    = help: consider adding `rayon` as a feature in `Cargo.toml`
    = note: see <https://doc.rust-lang.org/nightly/rustc/check-cfg/cargo-specifics.html> for 
more information about checking conditional configuration

warning: unused import: `image as im`
 --> cpclib-image\src\palette.rs:6:5
  |
6 | use image as im;
  |     ^^^^^^^^^^^
  |
  = note: `#[warn(unused_imports)]` (part of `#[warn(unused)]`) on by default

warning: unused doc comment
   --> cpclib-image\src\convert.rs:318:13
    |
318 |             /// Unsure of this value
    |             ^^^^^^^^^^^^^^^^^^^^^^^^
319 |             maximum_raster_address: 7
    |             ------------------------- rustdoc does not generate documentation for 
expression fields
    |
    = help: use `//` for a plain comment
    = note: `#[warn(unused_doc_comments)]` (part of `#[warn(unused)]`) on by default

warning: fields `screen_mode`, `cycling`, `cycling_delay`, `excluded`, and `projected` are 
never read
  --> cpclib-image\src\ocp.rs:84:5
   |
83 | pub struct OcpPalette {
   |            ---------- fields in this struct
84 |     screen_mode: Mode,
   |     ^^^^^^^^^^^
85 |     cycling: bool,
   |     ^^^^^^^
86 |     cycling_delay: u8,
   |     ^^^^^^^^^^^^^
...
89 |     excluded: [u8; 16],
   |     ^^^^^^^^
90 |     projected: [u8; 16]
   |     ^^^^^^^^^
   |
   = note: `#[warn(dead_code)]` (part of `#[warn(unused)]`) on by default

warning: unnecessary trailing semicolon
  --> cpclib-basic\src\string_parser.rs:88:6
   |
88 |     };
   |      ^ help: remove this semicolon
   |
   = note: `#[warn(redundant_semicolons)]` (part of `#[warn(unused)]`) on by default

warning: use of deprecated method `cpclib_common::winnow::Parser::recognize`: Replaced with 
`Parser::take`
   --> cpclib-basic\src\string_parser.rs:943:10
    |
943 |         .recognize()
    |          ^^^^^^^^^
    |
    = note: `#[warn(deprecated)]` on by default

warning: value assigned to `mantissa` is never read
   --> cpclib-basic\src\string_parser.rs:835:29
    |
835 |     let mut mantissa: u64 = 0;
    |                             ^
    |
    = help: maybe it is overwritten before being read?
    = note: `#[warn(unused_assignments)]` (part of `#[warn(unused)]`) on by default

warning: value assigned to `mask` is never read
   --> cpclib-basic\src\string_parser.rs:836:25
    |
836 |     let mut mask: u64 = 0x80000000;
    |                         ^^^^^^^^^^
    |
    = help: maybe it is overwritten before being read?

warning: unnecessary `unsafe` block
   --> cpclib-basic\src\tokens.rs:538:25
    |
538 |         let word: u16 = unsafe { i16::cast_unsigned(word) };
    |                         ^^^^^^ unnecessary `unsafe` block
    |
    = note: `#[warn(unused_unsafe)]` (part of `#[warn(unused)]`) on by default

warning: unreachable pattern
   --> cpclib-basic\src\lib.rs:177:13
    |
177 |             _ => unreachable!()
    |             ^ no value can reach this
    |
note: multiple earlier patterns match some of the same values
   --> cpclib-basic\src\lib.rs:177:13
    |
170 |             Ok((prog, _)) => Ok(prog),
    |             ------------- matches some of the same values
171 |             Err(e) => {
    |             ------ matches some of the same values
...
177 |             _ => unreachable!()
    |             ^ collectively making this unreachable
    = note: `#[warn(unreachable_patterns)]` (part of `#[warn(unused)]`) on by default

warning: `cpclib-image` (lib) generated 6 warnings (run `cargo fix --lib -p cpclib-image` to 
apply 1 suggestion)
warning: `cpclib-basic` (lib) generated 6 warnings
warning: unused import: `cpclib_common::winnow::Parser`
  --> cpclib-cpr\src\lib.rs:10:5
   |
10 | use cpclib_common::winnow::Parser;
   |     ^^^^^^^^^^^^^^^^^^^^^^^^^^^^^
   |
   = note: `#[warn(unused_imports)]` (part of `#[warn(unused)]`) on by default

warning: `cpclib-cpr` (lib) generated 1 warning
   Compiling cpclib-asm v0.11.0 (C:\Users\giotr\Perso\CPC\rust.cpcdemotools\cpclib-asm)
